// Jest Snapshot v1, https://goo.gl/fbAQLP

exports[`AppController /properties endpoint testing the GET /properties method should return match snapshot 1`] = `
{
  "data": [
    {
      "address": "26985 Brighton Lane, Brighton, BN1 1AA",
      "id": 1,
      "img": "https://images.pexels.com/photos/106399/pexels-photo-106399.jpeg?auto=compress&cs=tinysrgb&w=800",
      "price": "495000.00",
    },
    {
      "address": "Sevenoaks Town Council Offices, Bradbourne Vale Road, Sevenoaks, Kent, TN13 3QG",
      "id": 2,
      "img": "https://images.pexels.com/photos/106399/pexels-photo-106399.jpeg?auto=compress&cs=tinysrgb&w=800",
      "price": "895000.00",
    },
    {
      "address": "61 Carlton Road, Westcliff On Sea, Essex, United Kingdom, SS0 6QN",
      "id": 3,
      "img": "https://images.pexels.com/photos/106399/pexels-photo-106399.jpeg?auto=compress&cs=tinysrgb&w=800",
      "price": "555000.00",
    },
    {
      "address": "22 Maple St, Kent, Kn1 2EG",
      "id": 4,
      "img": "https://images.pexels.com/photos/106399/pexels-photo-106399.jpeg?auto=compress&cs=tinysrgb&w=800",
      "price": "395000.00",
    },
    {
      "address": "31 Matchett St, Brighton, BN3 3DK",
      "id": 5,
      "img": "https://images.pexels.com/photos/106399/pexels-photo-106399.jpeg?auto=compress&cs=tinysrgb&w=800",
      "price": "7495000.00",
    },
    {
      "address": "4th Floor, Nova South, 160 Victoria Street, London, SW1E 5LB",
      "id": 6,
      "img": "https://images.pexels.com/photos/106399/pexels-photo-106399.jpeg?auto=compress&cs=tinysrgb&w=800",
      "price": "295000.00",
    },
    {
      "address": "1307 S 900 W Salt Lake City, UT 84104",
      "id": 7,
      "img": "https://images.pexels.com/photos/106399/pexels-photo-106399.jpeg?auto=compress&cs=tinysrgb&w=800",
      "price": "1495000.00",
    },
  ],
}
`;

exports[`AppController /properties endpoint testing the POST /properties method should return match snapshot 1`] = `
{
  "id": 9,
  "message": "property created",
}
`;
